%!Adobe-FontList 1.22
%Locale:0x409

%BeginFont
Handler:DirectoryHandler
FontType:Invalid
OutlineFileName:/Users/stephennixon/type-repos/recursive/docs/05-ttf_print_alignment_test/ttf-print-alignment-test-flattened_components--2020_12_28 Folder/Document fonts/AdobeFnt22.lst
FileLength:755
FileModTime:630900502
%EndFont

%BeginFont
Handler:DirectoryHandler
FontType:TrueType
FontName:RecursiveSansLnrSt-Regular
FamilyName:Recursive Sans Linear Static
StyleName:Regular
MenuName:Recursive Sn Lnr St
StyleBits:0
WeightClass:400
WidthClass:5
AngleClass:0
FullName:Recursive Sn Lnr St
WritingScript:Roman
OutlineFileName:/Users/stephennixon/type-repos/recursive/docs/05-ttf_print_alignment_test/ttf-print-alignment-test-flattened_components--2020_12_28 Folder/Document fonts/RecursiveSansLnrSt-Regular.ttf
DataFormat:sfntData
hasSVG:no
VariableFontType:NonVariableFont
FileLength:401452
FileModTime:630893739
NameArray:0,Mac,4,Recursive Sn Lnr St
NameArray:0,Win,1,Recursive Sn Lnr St
NameArray:0,Win,16,Recursive Sans Linear Static
%EndFont

